\begin{deluxetable}{cccc}
UKvar ID & R.A. & Decl. & Median J mag \\
1 & 05:33:33.906 & -05:33:26.506 & 11.91$\pm$0.02 \\
2 & 05:33:34.436 & -05:14:17.707 & 12.54$\pm$0.02 \\
3 & 05:33:35.711 & -05:09:23.554 & 12.43$\pm$0.02 \\
4 & 05:33:35.748 & -05:50:33.635 & 13.59$\pm$0.02 \\
5 & 05:33:35.888 & -05:01:32.473 & 11.63$\pm$0.02 \\
6 & 05:33:36.371 & -05:01:40.499 & 13.26$\pm$0.02 \\
7 & 05:33:37.055 & -05:23:06.949 & 12.64$\pm$0.02 \\
8 & 05:33:37.249 & -05:26:52.881 & 9.66$\pm$0.02 \\
9 & 05:33:38.564 & -05:13:12.451 & 12.81$\pm$0.02 \\
10 & 05:33:40.371 & -05:50:09.447 & 14.45$\pm$0.02 \\
11 & 05:33:40.821 & -05:03:05.213 & 15.64$\pm$0.02 \\
12 & 05:33:41.678 & -05:24:04.252 & 12.57$\pm$0.02 \\
13 & 05:33:41.820 & -05:26:25.723 & 16.03$\pm$0.03 \\
14 & 05:33:44.721 & -05:21:04.030 & 11.44$\pm$0.02 \\
15 & 05:33:44.935 & -05:31:08.548 & 11.19$\pm$0.02 \\
16 & 05:33:45.261 & -05:30:49.827 & 10.43$\pm$0.02 \\
17 & 05:33:45.458 & -05:36:32.409 & 11.97$\pm$0.02 \\
18 & 05:33:45.878 & -05:32:58.150 & 15.69$\pm$0.02 \\
19 & 05:33:46.099 & -05:34:26.514 & 11.78$\pm$0.02 \\
20 & 05:33:46.687 & -05:23:25.598 & 13.77$\pm$0.02 \\
\end{deluxetable}
